Using src/app as the root directory for Expo Router.
React Compiler enabled
Starting Metro Bundler

warning: Bundler cache is empty, rebuilding (this may take a minute)
Static rendering is enabled. Learn more: https://docs.expo.dev/router/web/static-rendering/
╬╗ Bundled 276971ms node_modules\expo\node_modules\@expo\cli\node_modules\@expo\router-server\node\render.js (1335 modules)

Metro error: Invalid supabaseUrl: Must be a valid HTTP or HTTPS URL.

  Error: Invalid supabaseUrl: Must be a valid HTTP or HTTPS URL.
    at F (C:/Users/LENOVO/Desktop/┘à╪┤┘ê╪▒╪╣ ╪º┘ä╪¬┘ê╪╡┘è┘ä/DeliveryApp/node_modules/expo/node_modules/@expo/cli/node_modules/@expo/router-server/node/render.js.bundle?platform=web&dev=false&hot=false&minify=true&transform.engine=hermes&transform.routerRoot=src%2Fapp&resolver.environment=node&transform.environment=node&resolver.exporting=true&unstable_transformProfile=hermes-stable:970:6502)
    at new L (C:/Users/LENOVO/Desktop/┘à╪┤┘ê╪▒╪╣ ╪º┘ä╪¬┘ê╪╡┘è┘ä/DeliveryApp/node_modules/expo/node_modules/@expo/cli/node_modules/@expo/router-server/node/render.js.bundle?platform=web&dev=false&hot=false&minify=true&transform.engine=hermes&transform.routerRoot=src%2Fapp&resolver.environment=node&transform.environment=node&resolver.exporting=true&unstable_transformProfile=hermes-stable:970:6837)
    at I (C:/Users/LENOVO/Desktop/┘à╪┤┘ê╪▒╪╣ ╪º┘ä╪¬┘ê╪╡┘è┘ä/DeliveryApp/node_modules/expo/node_modules/@expo/cli/node_modules/@expo/router-server/node/render.js.bundle?platform=web&dev=false&hot=false&minify=true&transform.engine=hermes&transform.routerRoot=src%2Fapp&resolver.environment=node&transform.environment=node&resolver.exporting=true&unstable_transformProfile=hermes-stable:970:10400)
    at C:/Users/LENOVO/Desktop/┘à╪┤┘ê╪▒╪╣ ╪º┘ä╪¬┘ê╪╡┘è┘ä/DeliveryApp/node_modules/expo/node_modules/@expo/cli/node_modules/@expo/router-server/node/render.js.bundle?platform=web&dev=false&hot=false&minify=true&transform.engine=hermes&transform.routerRoot=src%2Fapp&resolver.environment=node&transform.environment=node&resolver.exporting=true&unstable_transformProfile=hermes-stable:933:263
    at f (C:/Users/LENOVO/Desktop/┘à╪┤┘ê╪▒╪╣ ╪º┘ä╪¬┘ê╪╡┘è┘ä/DeliveryApp/node_modules/expo/node_modules/@expo/cli/node_modules/@expo/router-server/node/render.js.bundle?platform=web&dev=false&hot=false&minify=true&transform.engine=hermes&transform.routerRoot=src%2Fapp&resolver.environment=node&transform.environment=node&resolver.exporting=true&unstable_transformProfile=hermes-stable:2:2068)
    at a (C:/Users/LENOVO/Desktop/┘à╪┤┘ê╪▒╪╣ ╪º┘ä╪¬┘ê╪╡┘è┘ä/DeliveryApp/node_modules/expo/node_modules/@expo/cli/node_modules/@expo/router-server/node/render.js.bundle?platform=web&dev=false&hot=false&minify=true&transform.engine=hermes&transform.routerRoot=src%2Fapp&resolver.environment=node&transform.environment=node&resolver.exporting=true&unstable_transformProfile=hermes-stable:2:1564)
    at i (C:/Users/LENOVO/Desktop/┘à╪┤┘ê╪▒╪╣ ╪º┘ä╪¬┘ê╪╡┘è┘ä/DeliveryApp/node_modules/expo/node_modules/@expo/cli/node_modules/@expo/router-server/node/render.js.bundle?platform=web&dev=false&hot=false&minify=true&transform.engine=hermes&transform.routerRoot=src%2Fapp&resolver.environment=node&transform.environment=node&resolver.exporting=true&unstable_transformProfile=hermes-stable:2:586)
    at C:/Users/LENOVO/Desktop/┘à╪┤┘ê╪▒╪╣ ╪º┘ä╪¬┘ê╪╡┘è┘ä/DeliveryApp/node_modules/expo/node_modules/@expo/cli/node_modules/@expo/router-server/node/render.js.bundle?platform=web&dev=false&hot=false&minify=true&transform.engine=hermes&transform.routerRoot=src%2Fapp&resolver.environment=node&transform.environment=node&resolver.exporting=true&unstable_transformProfile=hermes-stable:1016:193
    at f (C:/Users/LENOVO/Desktop/┘à╪┤┘ê╪▒╪╣ ╪º┘ä╪¬┘ê╪╡┘è┘ä/DeliveryApp/node_modules/expo/node_modules/@expo/cli/node_modules/@expo/router-server/node/render.js.bundle?platform=web&dev=false&hot=false&minify=true&transform.engine=hermes&transform.routerRoot=src%2Fapp&resolver.environment=node&transform.environment=node&resolver.exporting=true&unstable_transformProfile=hermes-stable:2:2068)
    at a (C:/Users/LENOVO/Desktop/┘à╪┤┘ê╪▒╪╣ ╪º┘ä╪¬┘ê╪╡┘è┘ä/DeliveryApp/node_modules/expo/node_modules/@expo/cli/node_modules/@expo/router-server/node/render.js.bundle?platform=web&dev=false&hot=false&minify=true&transform.engine=hermes&transform.routerRoot=src%2Fapp&resolver.environment=node&transform.environment=node&resolver.exporting=true&unstable_transformProfile=hermes-stable:2:1492)
    at i (C:/Users/LENOVO/Desktop/┘à╪┤┘ê╪▒╪╣ ╪º┘ä╪¬┘ê╪╡┘è┘ä/DeliveryApp/node_modules/expo/node_modules/@expo/cli/node_modules/@expo/router-server/node/render.js.bundle?platform=web&dev=false&hot=false&minify=true&transform.engine=hermes&transform.routerRoot=src%2Fapp&resolver.environment=node&transform.environment=node&resolver.exporting=true&unstable_transformProfile=hermes-stable:2:586)
    at Object.get [as ./_layout.tsx] (C:/Users/LENOVO/Desktop/┘à╪┤┘ê╪▒╪╣ ╪º┘ä╪¬┘ê╪╡┘è┘ä/DeliveryApp/node_modules/expo/node_modules/@expo/cli/node_modules/@expo/router-server/node/render.js.bundle?platform=web&dev=false&hot=false&minify=true&transform.engine=hermes&transform.routerRoot=src%2Fapp&resolver.environment=node&transform.environment=node&resolver.exporting=true&unstable_transformProfile=hermes-stable:860:491)
    at n (C:/Users/LENOVO/Desktop/┘à╪┤┘ê╪▒╪╣ ╪º┘ä╪¬┘ê╪╡┘è┘ä/DeliveryApp/node_modules/expo/node_modules/@expo/cli/node_modules/@expo/router-server/node/render.js.bundle?platform=web&dev=false&hot=false&minify=true&transform.engine=hermes&transform.routerRoot=src%2Fapp&resolver.environment=node&transform.environment=node&resolver.exporting=true&unstable_transformProfile=hermes-stable:860:618)
    at Object.loadRoute (C:/Users/LENOVO/Desktop/┘à╪┤┘ê╪▒╪╣ ╪º┘ä╪¬┘ê╪╡┘è┘ä/DeliveryApp/node_modules/expo/node_modules/@expo/cli/node_modules/@expo/router-server/node/render.js.bundle?platform=web&dev=false&hot=false&minify=true&transform.engine=hermes&transform.routerRoot=src%2Fapp&resolver.environment=node&transform.environment=node&resolver.exporting=true&unstable_transformProfile=hermes-stable:776:2820)
    at v (C:/Users/LENOVO/Desktop/┘à╪┤┘ê╪▒╪╣ ╪º┘ä╪¬┘ê╪╡┘è┘ä/DeliveryApp/node_modules/expo/node_modules/@expo/cli/node_modules/@expo/router-server/node/render.js.bundle?platform=web&dev=false&hot=false&minify=true&transform.engine=hermes&transform.routerRoot=src%2Fapp&resolver.environment=node&transform.environment=node&resolver.exporting=true&unstable_transformProfile=hermes-stable:776:6787)
    at u (C:/Users/LENOVO/Desktop/┘à╪┤┘ê╪▒╪╣ ╪º┘ä╪¬┘ê╪╡┘è┘ä/DeliveryApp/node_modules/expo/node_modules/@expo/cli/node_modules/@expo/router-server/node/render.js.bundle?platform=web&dev=false&hot=false&minify=true&transform.engine=hermes&transform.routerRoot=src%2Fapp&resolver.environment=node&transform.environment=node&resolver.exporting=true&unstable_transformProfile=hermes-stable:776:3765)
    at e.getRoutes (C:/Users/LENOVO/Desktop/┘à╪┤┘ê╪▒╪╣ ╪º┘ä╪¬┘ê╪╡┘è┘ä/DeliveryApp/node_modules/expo/node_modules/@expo/cli/node_modules/@expo/router-server/node/render.js.bundle?platform=web&dev=false&hot=false&minify=true&transform.engine=hermes&transform.routerRoot=src%2Fapp&resolver.environment=node&transform.environment=node&resolver.exporting=true&unstable_transformProfile=hermes-stable:776:134)
    at n (C:/Users/LENOVO/Desktop/┘à╪┤┘ê╪▒╪╣ ╪º┘ä╪¬┘ê╪╡┘è┘ä/DeliveryApp/node_modules/expo/node_modules/@expo/cli/node_modules/@expo/router-server/node/render.js.bundle?platform=web&dev=false&hot=false&minify=true&transform.engine=hermes&transform.routerRoot=src%2Fapp&resolver.environment=node&transform.environment=node&resolver.exporting=true&unstable_transformProfile=hermes-stable:775:277)
    at e.getBuildTimeServerManifestAsync (C:/Users/LENOVO/Desktop/┘à╪┤┘ê╪▒╪╣ ╪º┘ä╪¬┘ê╪╡┘è┘ä/DeliveryApp/node_modules/expo/node_modules/@expo/cli/node_modules/@expo/router-server/node/render.js.bundle?platform=web&dev=false&hot=false&minify=true&transform.engine=hermes&transform.routerRoot=src%2Fapp&resolver.environment=node&transform.environment=node&resolver.exporting=true&unstable_transformProfile=hermes-stable:1462:169)
    at acc.<computed> (C:\Users\LENOVO\Desktop\┘à╪┤┘ê╪▒╪╣ ╪º┘ä╪¬┘ê╪╡┘è┘ä\DeliveryApp\node_modules\expo\node_modules\@expo\cli\build\src\start\server\getStaticRenderFunctions.js:128:33)
    at MetroBundlerDevServer.getStaticRenderFunctionAsync (C:\Users\LENOVO\Desktop\┘à╪┤┘ê╪▒╪╣ ╪º┘ä╪¬┘ê╪╡┘è┘ä\DeliveryApp\node_modules\expo\node_modules\@expo\cli\build\src\start\server\metro\MetroBundlerDevServer.js:395:38)
    at async Promise.all (index 1)
    at async exportFromServerAsync (C:\Users\LENOVO\Desktop\┘à╪┤┘ê╪▒╪╣ ╪º┘ä╪¬┘ê╪╡┘è┘ä\DeliveryApp\node_modules\expo\node_modules\@expo\cli\build\src\export\exportStaticAsync.js:201:88)
    at async exportAppAsync (C:\Users\LENOVO\Desktop\┘à╪┤┘ê╪▒╪╣ ╪º┘ä╪¬┘ê╪╡┘è┘ä\DeliveryApp\node_modules\expo\node_modules\@expo\cli\build\src\export\exportApp.js:371:17)
    at async exportAsync (C:\Users\LENOVO\Desktop\┘à╪┤┘ê╪▒╪╣ ╪º┘ä╪¬┘ê╪╡┘è┘ä\DeliveryApp\node_modules\expo\node_modules\@expo\cli\build\src\export\exportAsync.js:91:5)
node.exe : Error: Invalid supabaseUrl: Must be a valid HTTP or HTTPS URL.
At line:1 char:1
+ & "C:\Program Files\nodejs/node.exe" "C:\Program Files\nodejs/node_mo ...
+ ~~~~~~~~~~~~~~~~~~~~~~~~~~~~~~~~~~~~~~~~~~~~~~~~~~~~~~~~~~~~~~~~~~~~~
    + CategoryInfo          : NotSpecified: (Error: Invalid ...P or HTTPS URL.:String) [], RemoteException
    + FullyQualifiedErrorId : NativeCommandError
 
Error: Invalid supabaseUrl: Must be a valid HTTP or HTTPS URL.
    at F (C:/Users/LENOVO/Desktop/┘à╪┤┘ê╪▒╪╣ ╪º┘ä╪¬┘ê╪╡┘è┘ä/DeliveryApp/node_modules/expo/node_modules/@expo/cli/node_m
odules/@expo/router-server/node/render.js.bundle?platform=web&dev=false&hot=false&minify=true&transform.engine=hermes&t
ransform.routerRoot=src%2Fapp&resolver.environment=node&transform.environment=node&resolver.exporting=true&unstable_tra
nsformProfile=hermes-stable:970:6502)
    at new L (C:/Users/LENOVO/Desktop/┘à╪┤┘ê╪▒╪╣ ╪º┘ä╪¬┘ê╪╡┘è┘ä/DeliveryApp/node_modules/expo/node_modules/@expo/cli/no
de_modules/@expo/router-server/node/render.js.bundle?platform=web&dev=false&hot=false&minify=true&transform.engine=herm
es&transform.routerRoot=src%2Fapp&resolver.environment=node&transform.environment=node&resolver.exporting=true&unstable
_transformProfile=hermes-stable:970:6837)
    at I (C:/Users/LENOVO/Desktop/┘à╪┤┘ê╪▒╪╣ ╪º┘ä╪¬┘ê╪╡┘è┘ä/DeliveryApp/node_modules/expo/node_modules/@expo/cli/node_m
odules/@expo/router-server/node/render.js.bundle?platform=web&dev=false&hot=false&minify=true&transform.engine=hermes&t
ransform.routerRoot=src%2Fapp&resolver.environment=node&transform.environment=node&resolver.exporting=true&unstable_tra
nsformProfile=hermes-stable:970:10400)
    at C:/Users/LENOVO/Desktop/┘à╪┤┘ê╪▒╪╣ ╪º┘ä╪¬┘ê╪╡┘è┘ä/DeliveryApp/node_modules/expo/node_modules/@expo/cli/node_modu
les/@expo/router-server/node/render.js.bundle?platform=web&dev=false&hot=false&minify=true&transform.engine=hermes&tran
sform.routerRoot=src%2Fapp&resolver.environment=node&transform.environment=node&resolver.exporting=true&unstable_transf
ormProfile=hermes-stable:933:263
    at f (C:/Users/LENOVO/Desktop/┘à╪┤┘ê╪▒╪╣ ╪º┘ä╪¬┘ê╪╡┘è┘ä/DeliveryApp/node_modules/expo/node_modules/@expo/cli/node_m
odules/@expo/router-server/node/render.js.bundle?platform=web&dev=false&hot=false&minify=true&transform.engine=hermes&t
ransform.routerRoot=src%2Fapp&resolver.environment=node&transform.environment=node&resolver.exporting=true&unstable_tra
nsformProfile=hermes-stable:2:2068)
    at a (C:/Users/LENOVO/Desktop/┘à╪┤┘ê╪▒╪╣ ╪º┘ä╪¬┘ê╪╡┘è┘ä/DeliveryApp/node_modules/expo/node_modules/@expo/cli/node_m
odules/@expo/router-server/node/render.js.bundle?platform=web&dev=false&hot=false&minify=true&transform.engine=hermes&t
ransform.routerRoot=src%2Fapp&resolver.environment=node&transform.environment=node&resolver.exporting=true&unstable_tra
nsformProfile=hermes-stable:2:1564)
    at i (C:/Users/LENOVO/Desktop/┘à╪┤┘ê╪▒╪╣ ╪º┘ä╪¬┘ê╪╡┘è┘ä/DeliveryApp/node_modules/expo/node_modules/@expo/cli/node_m
odules/@expo/router-server/node/render.js.bundle?platform=web&dev=false&hot=false&minify=true&transform.engine=hermes&t
ransform.routerRoot=src%2Fapp&resolver.environment=node&transform.environment=node&resolver.exporting=true&unstable_tra
nsformProfile=hermes-stable:2:586)
    at C:/Users/LENOVO/Desktop/┘à╪┤┘ê╪▒╪╣ ╪º┘ä╪¬┘ê╪╡┘è┘ä/DeliveryApp/node_modules/expo/node_modules/@expo/cli/node_modu
les/@expo/router-server/node/render.js.bundle?platform=web&dev=false&hot=false&minify=true&transform.engine=hermes&tran
sform.routerRoot=src%2Fapp&resolver.environment=node&transform.environment=node&resolver.exporting=true&unstable_transf
ormProfile=hermes-stable:1016:193
    at f (C:/Users/LENOVO/Desktop/┘à╪┤┘ê╪▒╪╣ ╪º┘ä╪¬┘ê╪╡┘è┘ä/DeliveryApp/node_modules/expo/node_modules/@expo/cli/node_m
odules/@expo/router-server/node/render.js.bundle?platform=web&dev=false&hot=false&minify=true&transform.engine=hermes&t
ransform.routerRoot=src%2Fapp&resolver.environment=node&transform.environment=node&resolver.exporting=true&unstable_tra
nsformProfile=hermes-stable:2:2068)
    at a (C:/Users/LENOVO/Desktop/┘à╪┤┘ê╪▒╪╣ ╪º┘ä╪¬┘ê╪╡┘è┘ä/DeliveryApp/node_modules/expo/node_modules/@expo/cli/node_m
odules/@expo/router-server/node/render.js.bundle?platform=web&dev=false&hot=false&minify=true&transform.engine=hermes&t
ransform.routerRoot=src%2Fapp&resolver.environment=node&transform.environment=node&resolver.exporting=true&unstable_tra
nsformProfile=hermes-stable:2:1492)
    at i (C:/Users/LENOVO/Desktop/┘à╪┤┘ê╪▒╪╣ ╪º┘ä╪¬┘ê╪╡┘è┘ä/DeliveryApp/node_modules/expo/node_modules/@expo/cli/node_m
odules/@expo/router-server/node/render.js.bundle?platform=web&dev=false&hot=false&minify=true&transform.engine=hermes&t
ransform.routerRoot=src%2Fapp&resolver.environment=node&transform.environment=node&resolver.exporting=true&unstable_tra
nsformProfile=hermes-stable:2:586)
    at Object.get [as ./_layout.tsx] (C:/Users/LENOVO/Desktop/┘à╪┤┘ê╪▒╪╣ ╪º┘ä╪¬┘ê╪╡┘è┘ä/DeliveryApp/node_modules/expo/n
ode_modules/@expo/cli/node_modules/@expo/router-server/node/render.js.bundle?platform=web&dev=false&hot=false&minify=tr
ue&transform.engine=hermes&transform.routerRoot=src%2Fapp&resolver.environment=node&transform.environment=node&resolver
.exporting=true&unstable_transformProfile=hermes-stable:860:491)
    at n (C:/Users/LENOVO/Desktop/┘à╪┤┘ê╪▒╪╣ ╪º┘ä╪¬┘ê╪╡┘è┘ä/DeliveryApp/node_modules/expo/node_modules/@expo/cli/node_m
odules/@expo/router-server/node/render.js.bundle?platform=web&dev=false&hot=false&minify=true&transform.engine=hermes&t
ransform.routerRoot=src%2Fapp&resolver.environment=node&transform.environment=node&resolver.exporting=true&unstable_tra
nsformProfile=hermes-stable:860:618)
    at Object.loadRoute (C:/Users/LENOVO/Desktop/┘à╪┤┘ê╪▒╪╣ ╪º┘ä╪¬┘ê╪╡┘è┘ä/DeliveryApp/node_modules/expo/node_modules/@
expo/cli/node_modules/@expo/router-server/node/render.js.bundle?platform=web&dev=false&hot=false&minify=true&transform.
engine=hermes&transform.routerRoot=src%2Fapp&resolver.environment=node&transform.environment=node&resolver.exporting=tr
ue&unstable_transformProfile=hermes-stable:776:2820)
    at v (C:/Users/LENOVO/Desktop/┘à╪┤┘ê╪▒╪╣ ╪º┘ä╪¬┘ê╪╡┘è┘ä/DeliveryApp/node_modules/expo/node_modules/@expo/cli/node_m
odules/@expo/router-server/node/render.js.bundle?platform=web&dev=false&hot=false&minify=true&transform.engine=hermes&t
ransform.routerRoot=src%2Fapp&resolver.environment=node&transform.environment=node&resolver.exporting=true&unstable_tra
nsformProfile=hermes-stable:776:6787)
    at u (C:/Users/LENOVO/Desktop/┘à╪┤┘ê╪▒╪╣ ╪º┘ä╪¬┘ê╪╡┘è┘ä/DeliveryApp/node_modules/expo/node_modules/@expo/cli/node_m
odules/@expo/router-server/node/render.js.bundle?platform=web&dev=false&hot=false&minify=true&transform.engine=hermes&t
ransform.routerRoot=src%2Fapp&resolver.environment=node&transform.environment=node&resolver.exporting=true&unstable_tra
nsformProfile=hermes-stable:776:3765)
    at e.getRoutes (C:/Users/LENOVO/Desktop/┘à╪┤┘ê╪▒╪╣ ╪º┘ä╪¬┘ê╪╡┘è┘ä/DeliveryApp/node_modules/expo/node_modules/@expo/
cli/node_modules/@expo/router-server/node/render.js.bundle?platform=web&dev=false&hot=false&minify=true&transform.engin
e=hermes&transform.routerRoot=src%2Fapp&resolver.environment=node&transform.environment=node&resolver.exporting=true&un
stable_transformProfile=hermes-stable:776:134)
    at n (C:/Users/LENOVO/Desktop/┘à╪┤┘ê╪▒╪╣ ╪º┘ä╪¬┘ê╪╡┘è┘ä/DeliveryApp/node_modules/expo/node_modules/@expo/cli/node_m
odules/@expo/router-server/node/render.js.bundle?platform=web&dev=false&hot=false&minify=true&transform.engine=hermes&t
ransform.routerRoot=src%2Fapp&resolver.environment=node&transform.environment=node&resolver.exporting=true&unstable_tra
nsformProfile=hermes-stable:775:277)
    at e.getBuildTimeServerManifestAsync (C:/Users/LENOVO/Desktop/┘à╪┤┘ê╪▒╪╣ ╪º┘ä╪¬┘ê╪╡┘è┘ä/DeliveryApp/node_modules/ex
po/node_modules/@expo/cli/node_modules/@expo/router-server/node/render.js.bundle?platform=web&dev=false&hot=false&minif
y=true&transform.engine=hermes&transform.routerRoot=src%2Fapp&resolver.environment=node&transform.environment=node&reso
lver.exporting=true&unstable_transformProfile=hermes-stable:1462:169)
    at acc.<computed> (C:\Users\LENOVO\Desktop\┘à╪┤┘ê╪▒╪╣ ╪º┘ä╪¬┘ê╪╡┘è┘ä\DeliveryApp\node_modules\expo\node_modules\@ex
po\cli\build\src\start\server\getStaticRenderFunctions.js:128:33)
    at MetroBundlerDevServer.getStaticRenderFunctionAsync (C:\Users\LENOVO\Desktop\┘à╪┤┘ê╪▒╪╣ ╪º┘ä╪¬┘ê╪╡┘è┘ä\DeliveryAp
p\node_modules\expo\node_modules\@expo\cli\build\src\start\server\metro\MetroBundlerDevServer.js:395:38)
    at async Promise.all (index 1)
    at async exportFromServerAsync (C:\Users\LENOVO\Desktop\┘à╪┤┘ê╪▒╪╣ 
╪º┘ä╪¬┘ê╪╡┘è┘ä\DeliveryApp\node_modules\expo\node_modules\@expo\cli\build\src\export\exportStaticAsync.js:201:88)
    at async exportAppAsync (C:\Users\LENOVO\Desktop\┘à╪┤┘ê╪▒╪╣ 
╪º┘ä╪¬┘ê╪╡┘è┘ä\DeliveryApp\node_modules\expo\node_modules\@expo\cli\build\src\export\exportApp.js:371:17)
    at async exportAsync (C:\Users\LENOVO\Desktop\┘à╪┤┘ê╪▒╪╣ 
╪º┘ä╪¬┘ê╪╡┘è┘ä\DeliveryApp\node_modules\expo\node_modules\@expo\cli\build\src\export\exportAsync.js:91:5)
